// Jest Snapshot v1, https://goo.gl/fbAQLP

exports[`renders the Filter page 1`] = `/collection/i`;
